[www.lexarae.com/index.html]
[backblue.gif]
[fade.gif]
[index.html]
[www.lexarae.com/worka409]
[www.lexarae.com/contact.html]
[www.lexarae.com/resume.html]
[www.lexarae.com/index.html]
[www.lexarae.com/weather-app/index.html]
[www.lexarae.com/humanityco/index.html]
[www.lexarae.com/contact.html]
[www.lexarae.com/covid19-tracker/index.html]
[www.lexarae.com/ecommerce-website/index.html]
[www.lexarae.com/resume.html]
[www.lexarae.com/unsplash-photo-search-app/index.html]
[www.lexarae.com/willspace-app/index.html]
[www.lexarae.com/green-roads/index.html]
[www.lexarae.com/additional-website-work/index.html]
[www.lexarae.com/covid19-tracker.html]
[www.lexarae.com/covid19-tracker/index.html]
[www.lexarae.com/willspace-marketing/index.html]
[www.lexarae.com/lms-app/index.html]
[www.lexarae.com/ecommerce-website/index.html]
[www.lexarae.com/ecommerce-website.html]
[www.lexarae.com/meetings-and-events-app/index.html]
[www.lexarae.com/humanityco.html]
[www.lexarae.com/humanityco/index.html]
[www.lexarae.com/weather-app/index.html]
[www.lexarae.com/weather-app.html]
[www.lexarae.com/unsplash-photo-search-app/index.html]
[www.lexarae.com/unsplash-photo-search-app.html]
[www.lexarae.com/willspace-app.html]
[www.lexarae.com/willspace-app/index.html]
[www.lexarae.com/green-roads/index.html]
[www.lexarae.com/green-roads.html]
[www.lexarae.com/additional-website-work/index.html]
[www.lexarae.com/additional-website-work.html]
[www.lexarae.com/willspace-marketing/index.html]
[www.lexarae.com/willspace-marketing.html]
[www.lexarae.com/lms-app/index.html]
[www.lexarae.com/lms-app.html]
[www.lexarae.com/meetings-and-events-app/index.html]
[www.lexarae.com/covid19-tracker.html]
[www.lexarae.com/ecommerce-website.html]
[www.lexarae.com/humanityco.html]
[www.lexarae.com/weather-app.html]
[www.lexarae.com/unsplash-photo-search-app.html]
[www.lexarae.com/willspace-app.html]
[www.lexarae.com/green-roads.html]
[www.lexarae.com/additional-website-work.html]
[www.lexarae.com/willspace-marketing.html]
[www.lexarae.com/lms-app.html]
[www.lexarae.com/meetings-and-events-app.html]
[www.lexarae.com/meetings-and-events-app.html]
